// Jest Snapshot v1, https://goo.gl/fbAQLP

exports[`API it should change scope 1`] = `
<body>
  <div
    id="root"
  >
    <div
      class="pc-wrapper"
    >
      <div
        class="pc-container"
      >
        <nav
          class="pc-controls"
        >
          <button
            class="pc-pointer pc-pointer-left"
            type="button"
          />
          <button
            class="pc-title"
            type="button"
          >
            January, 2019
          </button>
          <button
            class="pc-pointer pc-pointer-right"
            type="button"
          />
        </nav>
        <div
          class="pc-plate pc-plate-days"
        >
          <span
            class="pc-cell light"
          >
            Mo
          </span>
          <span
            class="pc-cell light"
          >
            Tu
          </span>
          <span
            class="pc-cell light"
          >
            We
          </span>
          <span
            class="pc-cell light"
          >
            Th
          </span>
          <span
            class="pc-cell light"
          >
            Fr
          </span>
          <span
            class="pc-cell light"
          >
            Sa
          </span>
          <span
            class="pc-cell light"
          >
            Su
          </span>
          <button
            class="pc-cell light"
          >
            31
          </button>
          <button
            class="pc-cell"
          >
            1
          </button>
          <button
            class="pc-cell"
          >
            2
          </button>
          <button
            class="pc-cell"
          >
            3
          </button>
          <button
            class="pc-cell"
          >
            4
          </button>
          <button
            class="pc-cell"
          >
            5
          </button>
          <button
            class="pc-cell"
          >
            6
          </button>
          <button
            class="pc-cell"
          >
            7
          </button>
          <button
            class="pc-cell"
          >
            8
          </button>
          <button
            class="pc-cell"
          >
            9
          </button>
          <button
            class="pc-cell"
          >
            10
          </button>
          <button
            class="pc-cell"
          >
            11
          </button>
          <button
            class="pc-cell"
          >
            12
          </button>
          <button
            class="pc-cell"
          >
            13
          </button>
          <button
            class="pc-cell"
          >
            14
          </button>
          <button
            class="pc-cell"
          >
            15
          </button>
          <button
            class="pc-cell"
          >
            16
          </button>
          <button
            class="pc-cell"
          >
            17
          </button>
          <button
            class="pc-cell"
          >
            18
          </button>
          <button
            class="pc-cell"
          >
            19
          </button>
          <button
            class="pc-cell"
          >
            20
          </button>
          <button
            class="pc-cell"
          >
            21
          </button>
          <button
            class="pc-cell"
          >
            22
          </button>
          <button
            class="pc-cell"
          >
            23
          </button>
          <button
            class="pc-cell"
          >
            24
          </button>
          <button
            class="pc-cell"
          >
            25
          </button>
          <button
            class="pc-cell"
          >
            26
          </button>
          <button
            class="pc-cell"
          >
            27
          </button>
          <button
            class="pc-cell"
          >
            28
          </button>
          <button
            class="pc-cell"
          >
            29
          </button>
          <button
            class="pc-cell"
          >
            30
          </button>
          <button
            class="pc-cell"
          >
            31
          </button>
          <button
            class="pc-cell light"
          >
            1
          </button>
          <button
            class="pc-cell light"
          >
            2
          </button>
          <button
            class="pc-cell light"
          >
            3
          </button>
          <button
            class="pc-cell light"
          >
            4
          </button>
          <button
            class="pc-cell light selected"
          >
            5
          </button>
          <button
            class="pc-cell light"
          >
            6
          </button>
          <button
            class="pc-cell light"
          >
            7
          </button>
          <button
            class="pc-cell light"
          >
            8
          </button>
          <button
            class="pc-cell light"
          >
            9
          </button>
          <button
            class="pc-cell light"
          >
            10
          </button>
        </div>
      </div>
    </div>
  </div>
</body>
`;

exports[`API it should change scope 2`] = `
<body>
  <div
    id="root"
  >
    <div
      class="pc-wrapper"
    >
      <div
        class="pc-container"
      >
        <nav
          class="pc-controls"
        >
          <button
            class="pc-pointer pc-pointer-left"
            type="button"
          />
          <button
            class="pc-title"
            type="button"
          >
            May, 2019
          </button>
          <button
            class="pc-pointer pc-pointer-right"
            type="button"
          />
        </nav>
        <div
          class="pc-plate pc-plate-days"
        >
          <span
            class="pc-cell light"
          >
            Mo
          </span>
          <span
            class="pc-cell light"
          >
            Tu
          </span>
          <span
            class="pc-cell light"
          >
            We
          </span>
          <span
            class="pc-cell light"
          >
            Th
          </span>
          <span
            class="pc-cell light"
          >
            Fr
          </span>
          <span
            class="pc-cell light"
          >
            Sa
          </span>
          <span
            class="pc-cell light"
          >
            Su
          </span>
          <button
            class="pc-cell light"
          >
            29
          </button>
          <button
            class="pc-cell light"
          >
            30
          </button>
          <button
            class="pc-cell"
          >
            1
          </button>
          <button
            class="pc-cell active"
          >
            2
          </button>
          <button
            class="pc-cell"
          >
            3
          </button>
          <button
            class="pc-cell"
          >
            4
          </button>
          <button
            class="pc-cell"
          >
            5
          </button>
          <button
            class="pc-cell"
          >
            6
          </button>
          <button
            class="pc-cell"
          >
            7
          </button>
          <button
            class="pc-cell"
          >
            8
          </button>
          <button
            class="pc-cell"
          >
            9
          </button>
          <button
            class="pc-cell"
          >
            10
          </button>
          <button
            class="pc-cell"
          >
            11
          </button>
          <button
            class="pc-cell"
          >
            12
          </button>
          <button
            class="pc-cell"
          >
            13
          </button>
          <button
            class="pc-cell"
          >
            14
          </button>
          <button
            class="pc-cell"
          >
            15
          </button>
          <button
            class="pc-cell"
          >
            16
          </button>
          <button
            class="pc-cell"
          >
            17
          </button>
          <button
            class="pc-cell"
          >
            18
          </button>
          <button
            class="pc-cell"
          >
            19
          </button>
          <button
            class="pc-cell"
          >
            20
          </button>
          <button
            class="pc-cell"
          >
            21
          </button>
          <button
            class="pc-cell"
          >
            22
          </button>
          <button
            class="pc-cell"
          >
            23
          </button>
          <button
            class="pc-cell"
          >
            24
          </button>
          <button
            class="pc-cell"
          >
            25
          </button>
          <button
            class="pc-cell"
          >
            26
          </button>
          <button
            class="pc-cell"
          >
            27
          </button>
          <button
            class="pc-cell"
          >
            28
          </button>
          <button
            class="pc-cell"
          >
            29
          </button>
          <button
            class="pc-cell"
          >
            30
          </button>
          <button
            class="pc-cell"
          >
            31
          </button>
          <button
            class="pc-cell light"
          >
            1
          </button>
          <button
            class="pc-cell light"
          >
            2
          </button>
          <button
            class="pc-cell light"
          >
            3
          </button>
          <button
            class="pc-cell light"
          >
            4
          </button>
          <button
            class="pc-cell light"
          >
            5
          </button>
          <button
            class="pc-cell light"
          >
            6
          </button>
          <button
            class="pc-cell light"
          >
            7
          </button>
          <button
            class="pc-cell light"
          >
            8
          </button>
          <button
            class="pc-cell light"
          >
            9
          </button>
        </div>
      </div>
    </div>
  </div>
</body>
`;

exports[`API it should change scope 3`] = `
<body>
  <div
    id="root"
  >
    <div
      class="pc-wrapper"
    >
      <div
        class="pc-container"
      >
        <nav
          class="pc-controls"
        >
          <button
            class="pc-pointer pc-pointer-left"
            type="button"
          />
          <button
            class="pc-title"
            type="button"
          >
            December, 2020
          </button>
          <button
            class="pc-pointer pc-pointer-right"
            type="button"
          />
        </nav>
        <div
          class="pc-plate pc-plate-days"
        >
          <span
            class="pc-cell light"
          >
            Mo
          </span>
          <span
            class="pc-cell light"
          >
            Tu
          </span>
          <span
            class="pc-cell light"
          >
            We
          </span>
          <span
            class="pc-cell light"
          >
            Th
          </span>
          <span
            class="pc-cell light"
          >
            Fr
          </span>
          <span
            class="pc-cell light"
          >
            Sa
          </span>
          <span
            class="pc-cell light"
          >
            Su
          </span>
          <button
            class="pc-cell light"
          >
            30
          </button>
          <button
            class="pc-cell"
          >
            1
          </button>
          <button
            class="pc-cell"
          >
            2
          </button>
          <button
            class="pc-cell"
          >
            3
          </button>
          <button
            class="pc-cell"
          >
            4
          </button>
          <button
            class="pc-cell"
          >
            5
          </button>
          <button
            class="pc-cell"
          >
            6
          </button>
          <button
            class="pc-cell"
          >
            7
          </button>
          <button
            class="pc-cell"
          >
            8
          </button>
          <button
            class="pc-cell"
          >
            9
          </button>
          <button
            class="pc-cell"
          >
            10
          </button>
          <button
            class="pc-cell"
          >
            11
          </button>
          <button
            class="pc-cell"
          >
            12
          </button>
          <button
            class="pc-cell"
          >
            13
          </button>
          <button
            class="pc-cell"
          >
            14
          </button>
          <button
            class="pc-cell"
          >
            15
          </button>
          <button
            class="pc-cell"
          >
            16
          </button>
          <button
            class="pc-cell"
          >
            17
          </button>
          <button
            class="pc-cell"
          >
            18
          </button>
          <button
            class="pc-cell"
          >
            19
          </button>
          <button
            class="pc-cell"
          >
            20
          </button>
          <button
            class="pc-cell"
          >
            21
          </button>
          <button
            class="pc-cell"
          >
            22
          </button>
          <button
            class="pc-cell"
          >
            23
          </button>
          <button
            class="pc-cell"
          >
            24
          </button>
          <button
            class="pc-cell"
          >
            25
          </button>
          <button
            class="pc-cell"
          >
            26
          </button>
          <button
            class="pc-cell"
          >
            27
          </button>
          <button
            class="pc-cell"
          >
            28
          </button>
          <button
            class="pc-cell"
          >
            29
          </button>
          <button
            class="pc-cell"
          >
            30
          </button>
          <button
            class="pc-cell"
          >
            31
          </button>
          <button
            class="pc-cell light"
          >
            1
          </button>
          <button
            class="pc-cell light"
          >
            2
          </button>
          <button
            class="pc-cell light"
          >
            3
          </button>
          <button
            class="pc-cell light"
          >
            4
          </button>
          <button
            class="pc-cell light"
          >
            5
          </button>
          <button
            class="pc-cell light"
          >
            6
          </button>
          <button
            class="pc-cell light"
          >
            7
          </button>
          <button
            class="pc-cell light"
          >
            8
          </button>
          <button
            class="pc-cell light"
          >
            9
          </button>
          <button
            class="pc-cell light"
          >
            10
          </button>
        </div>
      </div>
    </div>
  </div>
</body>
`;

exports[`API it should change state 1`] = `
<body>
  <div
    id="root"
  >
    <div
      class="pc-wrapper"
    >
      <div
        class="pc-container"
      >
        <nav
          class="pc-controls"
        >
          <button
            class="pc-pointer pc-pointer-left"
            type="button"
          />
          <button
            class="pc-title"
            type="button"
          >
            February, 2019
          </button>
          <button
            class="pc-pointer pc-pointer-right"
            type="button"
          />
        </nav>
        <div
          class="pc-plate pc-plate-days"
        >
          <span
            class="pc-cell light"
          >
            Mo
          </span>
          <span
            class="pc-cell light"
          >
            Tu
          </span>
          <span
            class="pc-cell light"
          >
            We
          </span>
          <span
            class="pc-cell light"
          >
            Th
          </span>
          <span
            class="pc-cell light"
          >
            Fr
          </span>
          <span
            class="pc-cell light"
          >
            Sa
          </span>
          <span
            class="pc-cell light"
          >
            Su
          </span>
          <button
            class="pc-cell light"
          >
            28
          </button>
          <button
            class="pc-cell light"
          >
            29
          </button>
          <button
            class="pc-cell light"
          >
            30
          </button>
          <button
            class="pc-cell light"
          >
            31
          </button>
          <button
            class="pc-cell"
          >
            1
          </button>
          <button
            class="pc-cell"
          >
            2
          </button>
          <button
            class="pc-cell"
          >
            3
          </button>
          <button
            class="pc-cell"
          >
            4
          </button>
          <button
            class="pc-cell selected"
          >
            5
          </button>
          <button
            class="pc-cell"
          >
            6
          </button>
          <button
            class="pc-cell"
          >
            7
          </button>
          <button
            class="pc-cell"
          >
            8
          </button>
          <button
            class="pc-cell"
          >
            9
          </button>
          <button
            class="pc-cell"
          >
            10
          </button>
          <button
            class="pc-cell"
          >
            11
          </button>
          <button
            class="pc-cell"
          >
            12
          </button>
          <button
            class="pc-cell"
          >
            13
          </button>
          <button
            class="pc-cell"
          >
            14
          </button>
          <button
            class="pc-cell"
          >
            15
          </button>
          <button
            class="pc-cell"
          >
            16
          </button>
          <button
            class="pc-cell"
          >
            17
          </button>
          <button
            class="pc-cell"
          >
            18
          </button>
          <button
            class="pc-cell"
          >
            19
          </button>
          <button
            class="pc-cell"
          >
            20
          </button>
          <button
            class="pc-cell"
          >
            21
          </button>
          <button
            class="pc-cell"
          >
            22
          </button>
          <button
            class="pc-cell"
          >
            23
          </button>
          <button
            class="pc-cell"
          >
            24
          </button>
          <button
            class="pc-cell"
          >
            25
          </button>
          <button
            class="pc-cell"
          >
            26
          </button>
          <button
            class="pc-cell"
          >
            27
          </button>
          <button
            class="pc-cell"
          >
            28
          </button>
          <button
            class="pc-cell light"
          >
            1
          </button>
          <button
            class="pc-cell light"
          >
            2
          </button>
          <button
            class="pc-cell light"
          >
            3
          </button>
          <button
            class="pc-cell light"
          >
            4
          </button>
          <button
            class="pc-cell light"
          >
            5
          </button>
          <button
            class="pc-cell light"
          >
            6
          </button>
          <button
            class="pc-cell light"
          >
            7
          </button>
          <button
            class="pc-cell light"
          >
            8
          </button>
          <button
            class="pc-cell light"
          >
            9
          </button>
          <button
            class="pc-cell light"
          >
            10
          </button>
        </div>
      </div>
    </div>
  </div>
</body>
`;

exports[`API it should change state 2`] = `
<body>
  <div
    id="root"
  >
    <div
      class="pc-wrapper"
    >
      <div
        class="pc-container"
      >
        <nav
          class="pc-controls"
        >
          <button
            class="pc-pointer pc-pointer-left"
            type="button"
          />
          <button
            class="pc-title"
            type="button"
          >
            2019
          </button>
          <button
            class="pc-pointer pc-pointer-right"
            type="button"
          />
        </nav>
        <div
          class="pc-plate pc-plate-months"
        >
          <button
            class="pc-cell"
          >
            January
          </button>
          <button
            class="pc-cell"
          >
            February
          </button>
          <button
            class="pc-cell"
          >
            March
          </button>
          <button
            class="pc-cell"
          >
            April
          </button>
          <button
            class="pc-cell"
          >
            May
          </button>
          <button
            class="pc-cell"
          >
            June
          </button>
          <button
            class="pc-cell"
          >
            Jule
          </button>
          <button
            class="pc-cell"
          >
            August
          </button>
          <button
            class="pc-cell"
          >
            September
          </button>
          <button
            class="pc-cell"
          >
            October
          </button>
          <button
            class="pc-cell"
          >
            November
          </button>
          <button
            class="pc-cell"
          >
            December
          </button>
        </div>
      </div>
    </div>
  </div>
</body>
`;

exports[`API it should change state 3`] = `
<body>
  <div
    id="root"
  >
    <div
      class="pc-wrapper"
    >
      <div
        class="pc-container"
      >
        <nav
          class="pc-controls"
        >
          <button
            class="pc-pointer pc-pointer-left"
            type="button"
          />
          <button
            class="pc-title"
            type="button"
          >
            2010 - 2019
          </button>
          <button
            class="pc-pointer pc-pointer-right"
            type="button"
          />
        </nav>
        <div
          class="pc-plate pc-plate-months"
        >
          <button
            class="pc-cell"
          >
            2010
          </button>
          <button
            class="pc-cell"
          >
            2011
          </button>
          <button
            class="pc-cell"
          >
            2012
          </button>
          <button
            class="pc-cell"
          >
            2013
          </button>
          <button
            class="pc-cell"
          >
            2014
          </button>
          <button
            class="pc-cell"
          >
            2015
          </button>
          <button
            class="pc-cell"
          >
            2016
          </button>
          <button
            class="pc-cell"
          >
            2017
          </button>
          <button
            class="pc-cell"
          >
            2018
          </button>
          <button
            class="pc-cell"
          >
            2019
          </button>
        </div>
      </div>
    </div>
  </div>
</body>
`;

exports[`API it should change state 4`] = `
<body>
  <div
    id="root"
  >
    <div
      class="pc-wrapper"
    >
      <div
        class="pc-container"
      >
        <nav
          class="pc-controls"
        >
          <button
            class="pc-pointer pc-pointer-left"
            type="button"
          />
          <button
            class="pc-title"
            type="button"
          >
            February, 2019
          </button>
          <button
            class="pc-pointer pc-pointer-right"
            type="button"
          />
        </nav>
        <div
          class="pc-plate pc-plate-days"
        >
          <span
            class="pc-cell light"
          >
            Mo
          </span>
          <span
            class="pc-cell light"
          >
            Tu
          </span>
          <span
            class="pc-cell light"
          >
            We
          </span>
          <span
            class="pc-cell light"
          >
            Th
          </span>
          <span
            class="pc-cell light"
          >
            Fr
          </span>
          <span
            class="pc-cell light"
          >
            Sa
          </span>
          <span
            class="pc-cell light"
          >
            Su
          </span>
          <button
            class="pc-cell light"
          >
            28
          </button>
          <button
            class="pc-cell light"
          >
            29
          </button>
          <button
            class="pc-cell light"
          >
            30
          </button>
          <button
            class="pc-cell light"
          >
            31
          </button>
          <button
            class="pc-cell"
          >
            1
          </button>
          <button
            class="pc-cell"
          >
            2
          </button>
          <button
            class="pc-cell"
          >
            3
          </button>
          <button
            class="pc-cell"
          >
            4
          </button>
          <button
            class="pc-cell selected"
          >
            5
          </button>
          <button
            class="pc-cell"
          >
            6
          </button>
          <button
            class="pc-cell"
          >
            7
          </button>
          <button
            class="pc-cell"
          >
            8
          </button>
          <button
            class="pc-cell"
          >
            9
          </button>
          <button
            class="pc-cell"
          >
            10
          </button>
          <button
            class="pc-cell"
          >
            11
          </button>
          <button
            class="pc-cell"
          >
            12
          </button>
          <button
            class="pc-cell"
          >
            13
          </button>
          <button
            class="pc-cell"
          >
            14
          </button>
          <button
            class="pc-cell"
          >
            15
          </button>
          <button
            class="pc-cell"
          >
            16
          </button>
          <button
            class="pc-cell"
          >
            17
          </button>
          <button
            class="pc-cell"
          >
            18
          </button>
          <button
            class="pc-cell"
          >
            19
          </button>
          <button
            class="pc-cell"
          >
            20
          </button>
          <button
            class="pc-cell"
          >
            21
          </button>
          <button
            class="pc-cell"
          >
            22
          </button>
          <button
            class="pc-cell"
          >
            23
          </button>
          <button
            class="pc-cell"
          >
            24
          </button>
          <button
            class="pc-cell"
          >
            25
          </button>
          <button
            class="pc-cell"
          >
            26
          </button>
          <button
            class="pc-cell"
          >
            27
          </button>
          <button
            class="pc-cell"
          >
            28
          </button>
          <button
            class="pc-cell light"
          >
            1
          </button>
          <button
            class="pc-cell light"
          >
            2
          </button>
          <button
            class="pc-cell light"
          >
            3
          </button>
          <button
            class="pc-cell light"
          >
            4
          </button>
          <button
            class="pc-cell light"
          >
            5
          </button>
          <button
            class="pc-cell light"
          >
            6
          </button>
          <button
            class="pc-cell light"
          >
            7
          </button>
          <button
            class="pc-cell light"
          >
            8
          </button>
          <button
            class="pc-cell light"
          >
            9
          </button>
          <button
            class="pc-cell light"
          >
            10
          </button>
        </div>
      </div>
    </div>
  </div>
</body>
`;
